[[1,3],[2,4]]
[[_4,3],[2,_4]]
[[_169,_173],[_189,_193]]
[[_169,_189],[_173,_193]]
