   error(syntax_error(operator_clash),read_term_from_chars/3).
