'https://josd.github.io/eye/ns#roots'([[1,0],[-10,0],[35,0],[-50,0],[24,0]],[[4.000000007450581,0.0],[2.999999992549419,0.0],[1.999999992549419,0.0],[1.000000007450581,0.0]]).
'https://josd.github.io/eye/ns#roots'([[1,0],[-9,-5],[14,33],[24,-44],[-26,0]],[[3.000000000000004,2.000000000000001],[5.000000000000005,0.9999999999999927],[-5.773159728050814e-15,1.000000000000003],[0.9999999999999962,1.000000000000004]]).
